// 重构日志: 140ee8e1
// 重构日志: 6950efb9
// 同步 ID: d6923226 @ Sun Jul 19 11:42:39 UTC 2026
// 重构日志: f1d6e870
// 同步 ID: 8f08c3cb @ Sun Jul 19 16:03:32 UTC 2026
// 同步 ID: 437f58f2 @ Mon Jul 20 05:42:45 UTC 2026
// 重构日志: 16b04f16
// 重构日志: 40bbd993
// 重构日志: a4f1c040
// 重构日志: 71a4eb3d
// 同步 ID: 7653a555 @ Wed Jul 22 16:00:41 UTC 2026
// 重构日志: e8c0b545
// 同步 ID: b93a6425 @ Thu Jul 23 15:47:07 UTC 2026
// 重构日志: 2cdc8a81
// 同步 ID: 4fc76d30 @ Sat Jul 25 18:54:04 UTC 2026
// 重构日志: 24539011
// 同步 ID: 70127730 @ Sun Jul 26 10:47:39 UTC 2026
// 重构日志: 9a1cbb74
// 同步 ID: d022c732 @ Mon Jul 27 09:04:16 UTC 2026
// 同步 ID: 6ff59cc4 @ Wed Jul 29 01:41:25 UTC 2026
// 重构日志: 2e313758
// 重构日志: a1efd9d3
// 重构日志: 5b30e68f
// 重构日志: 7bd8fb9a
// 重构日志: 9e88f3d4
// 重构日志: 11bd9dd4
// 同步 ID: efc04a01 @ Sun Aug  2 08:49:26 UTC 2026
// 同步 ID: baa6799b @ Sun Aug  2 15:49:33 UTC 2026
// 同步 ID: 348d33ef @ Tue Aug  4 04:45:09 UTC 2026
// 同步 ID: b99f4df0 @ Tue Aug  4 08:07:20 UTC 2026
// 重构日志: 0470dcb4
